// Jest Snapshot v1, https://goo.gl/fbAQLP

exports[`Matches shallow snapshot 1`] = `
<Switch>
  <Route
    component={[Function]}
    path="/"
  />
  <Error404Page />
</Switch>
`;
